// Jest Snapshot v1, https://goo.gl/fbAQLP

exports[`CheatCodes component should have a button to go to the Login 1`] = `
<View>
  <View
    accessibilityRole="button"
    accessibilityState={Object {}}
    accessible={true}
    focusable={true}
    onClick={[Function]}
    onResponderGrant={[Function]}
    onResponderMove={[Function]}
    onResponderRelease={[Function]}
    onResponderTerminate={[Function]}
    onResponderTerminationRequest={[Function]}
    onStartShouldSetResponder={[Function]}
    style={
      Object {
        "opacity": 1,
      }
    }
  >
    <View
      style={
        Array [
          Object {},
        ]
      }
    >
      <Text
        style={
          Array [
            Object {
              "color": "#007AFF",
              "fontSize": 18,
              "margin": 8,
              "textAlign": "center",
            },
          ]
        }
      >
        Crash the app
      </Text>
    </View>
  </View>
  <View
    style={
      Object {
        "height": 50,
        "width": 100,
      }
    }
  >
    <RCTPicker
      items={
        Array [
          Object {
            "label": "FR",
            "textColor": undefined,
            "value": "fr",
          },
          Object {
            "label": "EN",
            "textColor": undefined,
            "value": "en",
          },
        ]
      }
      onChange={[Function]}
      selectedIndex={0}
      style={
        Array [
          Object {
            "height": 216,
          },
          undefined,
        ]
      }
      testID="changeLanguagePicker"
    />
  </View>
  <View
    accessible={true}
    focusable={true}
    onClick={[Function]}
    onResponderGrant={[Function]}
    onResponderMove={[Function]}
    onResponderRelease={[Function]}
    onResponderTerminate={[Function]}
    onResponderTerminationRequest={[Function]}
    onStartShouldSetResponder={[Function]}
    style={
      Object {
        "marginLeft": 5,
        "opacity": 1,
      }
    }
  >
    <Text
      style={
        Object {
          "fontSize": 12,
        }
      }
    >
      Check update
    </Text>
  </View>
  <View
    accessibilityRole="button"
    accessibilityState={Object {}}
    accessible={true}
    focusable={true}
    onClick={[Function]}
    onResponderGrant={[Function]}
    onResponderMove={[Function]}
    onResponderRelease={[Function]}
    onResponderTerminate={[Function]}
    onResponderTerminationRequest={[Function]}
    onStartShouldSetResponder={[Function]}
    style={
      Object {
        "opacity": 1,
      }
    }
  >
    <View
      style={
        Array [
          Object {},
        ]
      }
    >
      <Text
        style={
          Array [
            Object {
              "color": "#007AFF",
              "fontSize": 18,
              "margin": 8,
              "textAlign": "center",
            },
          ]
        }
      >
        Aller au storybook
      </Text>
    </View>
  </View>
</View>
`;
